// Jest Snapshot v1, https://goo.gl/fbAQLP

exports[`AppDeleteDialog component renders to match snapshot 1`] = `
<v-dialog-stub contentclass="" value="true" maxwidth="none" origin="center center" width="500" transition="dialog-transition"><template></template>
  <v-card-stub tag="div">
    <v-card-text-stub>
      <v-container-stub tag="div" fluid="" grid-list-xl="">
        <v-layout-stub tag="div" row="" wrap="">
          <v-flex-stub tag="div" xs12="">
            Are you sure you want to permanently delete "<strong>Stub</strong>"?
          </v-flex-stub>
        </v-layout-stub>
      </v-container-stub>
    </v-card-text-stub>
    <v-divider-stub></v-divider-stub>
    <v-card-actions-stub>
      <v-spacer-stub></v-spacer-stub>
      <v-btn-stub color="grey" activeclass="v-btn--active" tag="button" outline="true" type="button" class="v-btn__custom--cancel-dialog">
        Cancel
      </v-btn-stub>
      <v-btn-stub color="error" activeclass="v-btn--active" tag="button" type="button" class="v-btn__custom--delete-dialog">
        Delete
      </v-btn-stub>
    </v-card-actions-stub>
  </v-card-stub>
</v-dialog-stub>
`;
